rc522_function.c:6:6:Delay_us	24	static
rc522_function.c:28:6:SPI_RC522_SendByte	24	static
rc522_function.c:68:4:SPI_RC522_ReadByte	16	static
rc522_function.c:109:4:ReadRawRC	24	static
rc522_function.c:139:6:WriteRawRC	24	static
rc522_function.c:166:6:SetBitMask	24	static
rc522_function.c:187:6:ClearBitMask	24	static
rc522_function.c:207:6:PcdAntennaOn	16	static
rc522_function.c:228:6:PcdAntennaOff	8	static
rc522_function.c:243:6:PcdReset	8	static
rc522_function.c:285:6:M500PcdConfigISOType	16	static
rc522_function.c:327:6:PcdComMF522	48	static
rc522_function.c:442:6:PcdRequest	48	static
rc522_function.c:481:6:PcdAnticoll	56	static
rc522_function.c:529:6:CalulateCRC	40	static
rc522_function.c:568:6:PcdSelect	48	static
rc522_function.c:617:6:PcdAuthState	56	static
rc522_function.c:654:6:PcdWrite	48	static
rc522_function.c:702:6:PcdRead	48	static
rc522_function.c:740:6:PcdHalt	40	static
rc522_function.c:757:6:IC_CMT	32	static
