RingBuffer.h:85:20:RingBuffer_Reset	16	static
RingBuffer.h:105:24:RingBuffer_Len	16	static
atk_m750.c:181:6:send_data_to_dtu	16	static
atk_m750.c:206:5:send_cmd_to_dtu	32	static
atk_m750.c:254:12:dtu_enter_configmode	16	static
atk_m750.c:281:12:dtu_enter_transfermode	8	static
atk_m750.c:297:13:dtu_urc_atk_error	16	static
atk_m750.c:309:13:dtu_urc_error_sim	16	static
atk_m750.c:321:13:dtu_urc_error_gprs	16	static
atk_m750.c:333:13:dtu_urc_error_csq	16	static
atk_m750.c:345:13:dtu_urc_error_mqtt	16	static
atk_m750.c:357:6:dtu_get_urc_info	32	static
atk_m750.c:397:12:dtu_config_work_param	32	static
atk_m750.c:442:5:dtu_config_init	24	static
atk_m750.c:531:5:dtu_check_linkStatus	16	static
