ESP8266.c:23:6:Uart_printf	28	static
ESP8266.c:38:10:atk_8266_check_cmd	24	static
ESP8266.c:53:9:atk_8266_send_cmd	32	static
ESP8266.c:83:9:atk_8266_send_data	32	static
ESP8266.c:110:9:atk_8266_quit_trans	8	static
ESP8266.c:133:9:atk_8266_apsta_check	8	static
ESP8266.c:145:9:atk_8266_consta_check	16	static
ESP8266.c:159:6:atk_8266_get_wanip	24	static
ESP8266.c:175:10:atk_8266_get_ip	32	static
ESP8266.c:212:6:atk_8266_init	8	static
ESP8266.c:234:5:atk_8266_station_wifi_connect	32	static
ESP8266.c:280:5:atk_8266_station_client_tcp_connect	16	static
ESP8266.c:305:6:atk_8266_station_send	24	static
