rc522.c:18:1:SPI1_WriteByte	24	static
rc522.c:28:9:RC522_MFRC522_SelectTag	48	static
rc522.c:55:6:RC522_Init	8	static
rc522.c:65:6:RC522_Reset	8	static
rc522.c:87:9:RC522_PcdRequest	56	static
rc522.c:114:9:RC522_PcdAnticoll	56	static
rc522.c:150:9:RC522_PcdSelect	56	static
rc522.c:182:9:RC522_PcdAuthState	64	static
rc522.c:208:9:RC522_PcdRead	56	static
rc522.c:234:9:RC522_PcdWrite	56	static
rc522.c:270:9:RC522_PcdHalt	48	static
rc522.c:291:6:RC522_CalulateCRC	40	static
rc522.c:318:9:RC522_PcdReset	8	static
rc522.c:349:9:M500PcdConfigISOType	16	static
rc522.c:377:9:RC522_ReadRawRC	24	static
rc522.c:399:6:RC522_WriteRawRC	24	static
rc522.c:421:6:RC522_SetBitMask	24	static
rc522.c:432:6:RC522_ClearBitMask	24	static
rc522.c:446:9:RC522_PcdComMF522	48	static
rc522.c:526:6:RC522_PcdAntennaOn	16	static
rc522.c:541:6:RC522_PcdAntennaOff	8	static
